# Copyright 2013 The Flutter Authors. All rights reserved.
# Use of this source code is governed by a BSD-style license that can be
# found in the LICENSE file.

# Linker script that exports the minimal symbols required for libflutter.so

{
  global:
    JNI_OnLoad;
    _binary_icudtl_dat_start;
    _binary_icudtl_dat_size;
    InternalFlutterGpu*;
    kInternalFlutterGpu*;
    shorebird_init;
    shorebird_free_string;
    shorebird_free_update_result;
    shorebird_check_for_downloadable_update;
    shorebird_update_with_result;
    shorebird_next_boot_patch_number;
    shorebird_current_boot_patch_number;
    shorebird_validate_next_boot_patch;
  local:
    *;
};
